//------------------------------------------------------------------------------
//                                                      (c) корпорация Галактика
// Галактика 9.10 - модуль "Управление бюджетом"
// Типы данных сущности : "Шаблон Экспорт/Импорта"
//------------------------------------------------------------------------------

#ifndef __FpIETempl_Map__
#define __FpIETempl_Map__

Const
  cgFpIEAn_BudCO    = 0;
  cgFpIEAn_SpPer    = 1;
  cgFpIEAn_KodReg   = 2;
  cgFpIEAn_Variant  = 3;
  cgFpIEAn_BudStage = 4;
  cgFpIEAn_Period   = 5;
  cgFpIEAn_StBud    = 6;
  cgFpIEAn_Valuta   = 7;
  cgFpIEAn_KAU      = 8;
  cgFpIEAn_Summa    = 9;
  cgFpIEAn_Argument = 10;
  cgFpIEAn_Date     = 11;
  cgFpIEAn_NumFO    = 12;
  cgFpIEAn_Cast     = 13;
  cgFpIEAn_Kol      = 14;
  cgFpIEAn_ExtAttr  = 15;
end;

Const
  cgFpIEFormat_DBF      = 0;
  cgFpIEFormat_TXTStruc = 1;
  cgFpIEFormat_TXTDelim = 2;
  cgFpIEFormat_XLS      = 3;
  cgFpIEFormat_XML      = 4;
end;

Const
  NameAlgFileName = '%FN%';
  NameAlgSubj     = '%SUBJ%';
  NameAlgAddr     = '%ADDR%';
  AlgVarApostraph = '%';
  UserAlgFldVar   = 'Fld';

end;

Const
  cgFpIEFldType_An       = 0;
  cgFpIEFldType_Sum      = 1;
  cgFpIEFldType_AnSum    = 2;
  cgFpIEFldType_AnArg    = 3;
  cgFpIEFldType_AnCompos = 4;
  cgFpIEFldType_Date     = 5;
  cgFpIEFldType_NumFO    = 6;
  cgFpIEFldType_Cast     = 7;
  cgFpIEFldType_Kol      = 8;
  cgFpIEFldType_ExtAttr  = 9;
end;

#ifndef __FpSpecPostRuNewDict__
//IeHEad
  #define _FldPackadgeType_   MessType
  #define _FldFileCodePage_   Reestr
  #define _FldMskHead_        fMskHead
  #define _FldPackadgeDir_    MessageDir
  #define _FldImpExp_         ImpExp
  #define _FldLoadParam_      SubTipDoc
  #define _FldRezervCopy_     Tipdoc
  #define _FldCharDelim_      CharDelim
  #define _FldXMLScheme_      XMLScheme
//IeHEad

//IeHFlds
  #define _FldAnType_         Name
  #define _FldNumFld_         Number
  #define _FldTemplate_       cHead
  #define _FldFormula_        Value
  #define _FldKodGrKau_       Code
  #define _FldTblFldType_     isMinNab
  #define _FldAnMean_         cXMLMeta
//IeHFlds

//IeSFlds
  #define _FldFormat_         Format
  #define _FldTblFldName_     DBFName
  // у остальных полей такие же дефайны как и у IeHFlds
//IeSFlds

//ExpImpLog
  #define _FldProtTempl_      cNast
  #define _FldProtNote_       rStr
  #define _FldProtTiDk_       Katalog
  #define _FldProtPriority_   rComp
//ExpImpLog

#else //__FpSpecPostRuNewDict__

//IeHEad - FpIETempl
  #define _FldPackadgeType_   PackadgeType
  #define _FldFileCodePage_   FileCodePage
  #define _FldMskHead_        fMskHead
  #define _FldPackadgeDir_    PackadgeDir
  #define _FldImpExp_         ImpExp
  #define _FldLoadParam_      Attr
  #define _FldRezervCopy_     wCopy
  #define _FldCharDelim_      CharDelim
  #define _FldXMLScheme_      XMLScheme
//IeHEad - FpIETempl

//IeHFlds - FpIEHeadFld
  #define _FldAnType_         Name
  #define _FldNumFld_         Number
  #define _FldTemplate_       cTempl
  #define _FldFormula_        sFormula
  #define _FldKodGrKau_       KodGrKau
  #define _FldTblFldType_     wAnType
  #define _FldAnMean_         cAnMean
//IeHFlds - FpIEHeadFld

//IeSFlds - FpIEBodyFld
  #define _FldFormat_         Format
  #define _FldTblFldName_     sFldName
  // у остальных полей такие же дефайны как и у FpIEHeadFld
//IeSFlds - FpIEBodyFld

//ExpImpLog - FpIEDoc
  #define _FldProtTempl_      cTempl
  #define _FldProtNote_       sNote
  #define _FldProtTiDk_       TiDk
  #define _FldProtPriority_   wAddMode[1]
//ExpImpLog - FpIEDoc

#endif //__FpSpecPostRuNewDict__

#endif//__FpIETempl_Map__
