//------------------------------------------------------------------------------
//                                                      (c) корпорация Галактика
// Галактика 9.10 - модуль "Управление бюджетом"
// мапирование "Типологии периодов"
//------------------------------------------------------------------------------

#ifNdef __FpTypoTPer_Map__
#define __FpTypoTPer_Map__

#undef  _MapTbl_
#ifNdef __NewDict_TypoTPer__
 #define _MapTbl_ FpSpAttr
#else  // новой таблицы пока нет
 #define _MapTbl_ FpSpAttrXXX
#endif // __NewDict_TypoTPer__

#ifNdef __NewDict_TypoTPer__
 #define _wCode_      wCode        // fpSpAttr.wCode=cgKat_TypoTPer   = 17; // Каталог типологий периодов
 #define _cTypoTPer_  NRec         // NRec     (fpSpAttr.NRec) : comp   // идентификатор типологии
 #define _cMainTPer_  cRec         // cMainTPer(fpSpAttr.cRec) : comp   // тип периода по которому построена данная типология
 #define _Name_       ???          // Name     (вычисляемое)   : string // наименование типологии
 #define _cTPer_      cMean        // cTPer    (fpSpAttr.cMean): comp   // тип периода спецификации типологии
 #define _cNode_      cNode        // cNode    (fpSpAttr.cNode): comp   // ссылка на вышестоящию спецификацию типологии
#else // новой таблицы пока нет
 #define _wCode_      wCodeXXX     // Каталог типологий периодов
 #define _NRec_       NRecXXX      // идентификатор типологии
 #define _cMainTPer_  cMainTPerXXX // тип периода по которому построена данная типология
 #define _Name_       NameXXX      // наименование типологии
 #define _cTPer_      cTPerXXX     // тип периода спецификации типологии
 #define _cNode_      cNodeXXX     // ссылка на вышестоящию спецификацию типологии
#endif // __NewDict_TypoTPer__

 #define mapwCode     #_MapTbl_.#_wCode_XXX
 #define mapNRec      #_MapTbl_.#_NRec_XXX
 #define mapcMainTPer #_MapTbl_.#_cMainTPer_XXX
 #define mapName      #_MapTbl_.#_Name_XXX
 #define mapcTPer     #_MapTbl_.#_cTPer_XXX
 #define mapcNode     #_MapTbl_.#_cNode_XXX

#endif // __FpTypoTPer_Map__

