//------------------------------------------------------------------------------
//                                                      (c) корпорация Галактика
// Галактика 9.10 - модуль "Управление бюджетом"
// Базовый объект : "Копии бюджетов"
//------------------------------------------------------------------------------

#ifndef __FpOBV_Map__
#define __FpOBV_Map__

#if(#__TOOLVERSION__ >= 5001.009)
  #define _ObRelPlanTune_    cAddMode[1]
  #define _ObRelFactTune_    cAddMode[2]
  #define _ObRelRezervTune_  cAddMode[3]
  #define _MonoUser_         sAddMode[1]
#else
  #define _ObRelPlanTune_    cAddMode$1
  #define _ObRelFactTune_    cAddMode$2
  #define _ObRelRezervTune_  cAddMode$3
  #define _MonoUser_         sAddMode$1
#end


  #define mapTypoTPer           #_MapTbl_.cTypoTPer
  #define mapPrevTPer           #_MapTbl_.cPrevSpTPer
  #define mapPrevVariant        #_MapTbl_.cPrevVariant
  #define mapPrevStage          #_MapTbl_.sPrevStage
  #define mapPrevTPerMode       #_MapTbl_.wPrevSpTPer
  #define mapPrevVariantMode    #_MapTbl_.wPrevVariant
  #define mapPrevStageMode      #_MapTbl_.wPrevStage
  #define mapUserRightMode      #_MapTbl_.wUserMode

  #define mapObRelPlanTune      #_MapTbl_.cAddMode[1]//#_ObRelPlanTune_ иначе на новом словаре А303 не компилит
  #define mapObRelFactTune      #_MapTbl_.cAddMode[2]//#_ObRelFactTune_
  #define mapObRelRezervTune    #_MapTbl_.cAddMode[3]//#_ObRelRezervTune_


#endif//__FpOBV_Map__
