//------------------------------------------------------------------------------
//                                                      (c) корпорация Галактика
// Галактика 9.10 - модуль "Управление бюджетом"
// Базовый объект : "Правила передачи данных"
//------------------------------------------------------------------------------
                                            
#ifndef __FpORelOb_Map__
#define __FpORelOb_Map__

// define мапирования таблицы

#ifdef  __NewDict_FpRelOb__
  #define _Name_   Name         // поле Name
  #define _cNode_  cNode        // поле cNode

  #define _TiDK_   TiDK         // поле TiDK
#else //__NewDict_FpRelOb__
  #define _Name_   RepName      // поле Name
  #define _cNode_  ResComp[1]   // поле cNode

  #define _TiDK_   KodGrKau     // поле TiDK
#endif//__NewDict_FpRelOb__

#ifdef  __NewDict_FpRelOb__
 // define нового словаря (отдельная таблица FpRelOb)
  #define mapName         #_MapTbl_.#_Name_
  #define mapNode         #_MapTbl_.#_cNode_
  #define mapActiveMode   #_MapTbl_.wActiveMode
  //
  #define mapObRegMode    #_MapTbl_.wObRegMode
  //
  #define mapTiDKMode     #_MapTbl_.wTiDKMode
  #define mapObFltMode    #_MapTbl_.wObFilMode
  #define mapObFlt        #_MapTbl_.cObFlt
  //
  #define mapBudRegMode   #_MapTbl_.wBudRegMode
  //
  #define mapBudCOMode    #_MapTbl_.wBudCOMode
  //
  #define mapBudDefCO     #_MapTbl_.cBudDefCO
  #define mapBudTPer      #_MapTbl_.cBudTPer
  #define mapBudVariant   #_MapTbl_.cBudVariant
  #define mapBudStage     #_MapTbl_.sBudStage
#else //__NewDict_FpRelOb__
 // define для старого словаря ( на таблице UserDeskRep )
  #define mapName         #_MapTbl_.#_Name_
  #define mapNode         #_MapTbl_.#_cNode_
  #define mapActiveMode   #_MapTbl_.ResWord[1]
  //
  #define mapObRegMode    #_MapTbl_.ResWord[2]
  //
  #define mapTiDKMode     #_MapTbl_.ResWord[3]
  #define mapObFltMode    #_MapTbl_.ResWord[6]
  #define mapObFlt        #_MapTbl_.ResComp[5]
  //
  #define mapBudRegMode   #_MapTbl_.ResWord[4]
  //
  #define mapBudCOMode    #_MapTbl_.ResWord[5]
  //
  #define mapBudDefCO     #_MapTbl_.ResComp[2]
  #define mapBudTPer      #_MapTbl_.ResComp[3]
  #define mapBudVariant   #_MapTbl_.ResComp[4]
  #define mapBudStage     #_MapTbl_.ResCode[1]
#endif//__NewDict_FpRelOb__

  #define mapIsActive     #mapActiveMode = 1

  #define mapIsObPlan     #mapObRegMode = 0
  #define mapIsObFact     #mapObRegMode = 1
  #define mapIsObBuh      #mapObRegMode = 2
  #define mapIsObRezerv   #mapObRegMode = 3
  
  #define mapIsAllTiDk    #mapTiDKMode = 0
  #define mapIsObFltMode  IsBit(#mapObFltMode, 1)

  #define mapIsBudPlan    #mapBudRegMode = 0
  #define mapIsBudFact    #mapBudRegMode = 1
  #define mapIsBudRezerv  #mapBudRegMode = 2

#endif // __FpORelOb_Map__
