//------------------------------------------------------------------------------
//                                                      (c) корпорация Галактика
// Галактика 9.10 - модуль "Управление бюджетом"
// Базовый объект : "Настройка представлений и алгоритмов"
//------------------------------------------------------------------------------

#ifndef __FpOCmp_Map__
#define __FpOCmp_Map__

//------------------------------------------------------------------------------
// Аттрибуты настройки целиком
//------------------------------------------------------------------------------
#define _Name_   Name       // поле Name
#define _cNode_  cNode      // поле cNode
#define _DefRegUse_         wAddMode[3]
#define _DefRegMode_        wAddMode[4]
#define _DefBudVariant_     cAddMode[1]
#define _DefBudStage_       wAddMode[5]
#define _FracDigitsCommon_  wAddMode[1]
#define _TuneAttr_          wAddMode[2]
#define _AlgRunMode_        wAddMode[6]
#define _StBudFltMode_      wAddMode[7]

//
#define mapBudTPer          #_MapTbl_.cBudTPer
#define mapValuesTPer       #_MapTbl_.cTPer
#define mapDefPeriod        #_MapTbl_.cDefPeriod
#define mapDefCO            #_MapTbl_.cDefCO
#define mapDefTForm         #_MapTbl_.cDefTForm
//
#define mapCompMode         #_MapTbl_.CompMode
#define mapValMode          #_MapTbl_.ValMode
#define mapcVal             #_MapTbl_.cVal

#define mapBPNRec           #_MapTbl_.cAddMode[10]
#define mapBPMode           #_MapTbl_.wAddMode[11]

//
#define mapName             #_MapTbl_.#_Name_
#define mapNode             #_MapTbl_.#_cNode_
//
#define mapDefRegUse        #_MapTbl_.#_DefRegUse_
#define mapDefRegMode       #_MapTbl_.#_DefRegMode_
#define mapDefBudVariant    #_MapTbl_.#_DefBudVariant_
#define mapDefBudStage      #_MapTbl_.#_DefBudStage_
//
#define mapFracDigitsCommon #_MapTbl_.#_FracDigitsCommon_
#define mapTuneAttr         #_MapTbl_.#_TuneAttr_
//
#define mapAlgRunMode       #_MapTbl_.#_AlgRunMode_
// автофильтр по статьям
#define mapStBudFltMode     #_MapTbl_.#_StBudFltMode_

//------------------------------------------------------------------------------
// Аттрибуты настройки колонок
//------------------------------------------------------------------------------
#define _cColBudTPer_         cAddMode[3]
#define _cColStatTPer_        cAddMode[8]
#define _wColRegUse_          wAddMode[3]
#define _cStBud_              cAddMode[1]
#define _cSloj_               cAddMode[2]
#define _cFilter_             cAddMode[3]
#define _FracColumnActive_    wAddMode[1]
#define _FracDigitsColumn_    wAddMode[2]

#define _cColCalendar_        cAddMode[9]
#define _wColCalendar_        wAddMode[9]
#define _wColPeriodSKeyAn_    wAddMode[8]

#define _wColPeriod1Mode_     wAddMode[4]
#define _wColPeriod1Shift_    cAddMode[4]
#define _wColPeriod1Arg_      wAddMode[5]
#define _cColPeriod1_         cAddMode[5]

#define _wColPeriod2Mode_     wAddMode[6]
#define _wColPeriod2Shift_    cAddMode[6]
#define _wColPeriod2Arg_      wAddMode[7]
#define _cColPeriod2_         cAddMode[7]

#define _wColIgnoreMode_      wAddMode[10]


//
#define mapBudTPerColumn      ColTune.#_cColBudTPer_
#define mapStatTPerColumn     ColTune.#_cColStatTPer_
#define mapRegUseColumn       ColTune.#_wColRegUse_
#define mapStBudColumn        ColTune.#_cStBud_
#define mapSlojColumn         ColTune.#_cSloj_
#define mapFilterColumn       ColTune.#_cFilter_

//
#define mapFracColumnActive   ColTune.#_FracColumnActive_
#define mapFracDigitsColumn   ColTune.#_FracDigitsColumn_

//
#define mapColCalendar        ColTune.#_cColCalendar_
#define mapColCalendarMode    ColTune.#_wColCalendar_
#define mapColPeriodSKeyAn    ColTune.#_wColPeriodSKeyAn_

//
#define mapColPeriod1Mode     ColTune.#_wColPeriod1Mode_
#define mapColPeriod1Shift    ColTune.#_wColPeriod1Shift_
#define mapColPeriod1Arg      ColTune.#_wColPeriod1Arg_
#define mapColPeriod1         ColTune.#_cColPeriod1_

#define mapColPeriod2Mode     ColTune.#_wColPeriod2Mode_
#define mapColPeriod2Shift    ColTune.#_wColPeriod2Shift_
#define mapColPeriod2Arg      ColTune.#_wColPeriod2Arg_
#define mapColPeriod2         ColTune.#_cColPeriod2_

#define mapColIgnoreMode      ColTune.#_wColIgnoreMode_
#endif // __FpOCmp_Map__
